[0.006s] Invoking command in '/home/kzoia/alfa_robot_ws/src/alfa_robot_bringup/build/alfa_robot_bringup': CMAKE_PREFIX_PATH=${CMAKE_PREFIX_PATH}:/opt/ros/humble /usr/bin/cmake --build /home/kzoia/alfa_robot_ws/src/alfa_robot_bringup/build/alfa_robot_bringup -- -j12 -l12
[0.033s] Invoked command in '/home/kzoia/alfa_robot_ws/src/alfa_robot_bringup/build/alfa_robot_bringup' returned '0': CMAKE_PREFIX_PATH=${CMAKE_PREFIX_PATH}:/opt/ros/humble /usr/bin/cmake --build /home/kzoia/alfa_robot_ws/src/alfa_robot_bringup/build/alfa_robot_bringup -- -j12 -l12
[0.039s] Invoking command in '/home/kzoia/alfa_robot_ws/src/alfa_robot_bringup/build/alfa_robot_bringup': CMAKE_PREFIX_PATH=${CMAKE_PREFIX_PATH}:/opt/ros/humble /usr/bin/cmake --install /home/kzoia/alfa_robot_ws/src/alfa_robot_bringup/build/alfa_robot_bringup
[0.044s] -- Install configuration: ""
[0.044s] -- Up-to-date: /home/kzoia/alfa_robot_ws/src/alfa_robot_bringup/install/alfa_robot_bringup/share/alfa_robot_bringup/config
[0.044s] -- Up-to-date: /home/kzoia/alfa_robot_ws/src/alfa_robot_bringup/install/alfa_robot_bringup/share/alfa_robot_bringup/config/test_goal_publishers_config.yaml
[0.044s] -- Up-to-date: /home/kzoia/alfa_robot_ws/src/alfa_robot_bringup/install/alfa_robot_bringup/share/alfa_robot_bringup/config/alfa_robot_controllers.yaml
[0.044s] -- Up-to-date: /home/kzoia/alfa_robot_ws/src/alfa_robot_bringup/install/alfa_robot_bringup/share/alfa_robot_bringup/config/alfa_robot_controllers_can.yaml
[0.044s] -- Up-to-date: /home/kzoia/alfa_robot_ws/src/alfa_robot_bringup/install/alfa_robot_bringup/share/alfa_robot_bringup/launch
[0.044s] -- Up-to-date: /home/kzoia/alfa_robot_ws/src/alfa_robot_bringup/install/alfa_robot_bringup/share/alfa_robot_bringup/launch/alfa_robot.launch.py
[0.044s] -- Up-to-date: /home/kzoia/alfa_robot_ws/src/alfa_robot_bringup/install/alfa_robot_bringup/share/alfa_robot_bringup/launch/gazebo_alfa_robot.launch.py
[0.044s] -- Up-to-date: /home/kzoia/alfa_robot_ws/src/alfa_robot_bringup/install/alfa_robot_bringup/share/alfa_robot_bringup/launch/alfa_robot_gui_control.launch.py
[0.044s] -- Up-to-date: /home/kzoia/alfa_robot_ws/src/alfa_robot_bringup/install/alfa_robot_bringup/share/alfa_robot_bringup/launch/test_joint_trajectory_controller.launch.py
[0.044s] -- Up-to-date: /home/kzoia/alfa_robot_ws/src/alfa_robot_bringup/install/alfa_robot_bringup/share/alfa_robot_bringup/launch/test_forward_position_controller.launch.py
[0.044s] -- Up-to-date: /home/kzoia/alfa_robot_ws/src/alfa_robot_bringup/install/alfa_robot_bringup/lib/alfa_robot_bringup/joint_states_to_controller_bridge.py
[0.044s] -- Up-to-date: /home/kzoia/alfa_robot_ws/src/alfa_robot_bringup/install/alfa_robot_bringup/lib/alfa_robot_bringup/setup_can.sh
[0.044s] -- Up-to-date: /home/kzoia/alfa_robot_ws/src/alfa_robot_bringup/install/alfa_robot_bringup/share/ament_index/resource_index/package_run_dependencies/alfa_robot_bringup
[0.044s] -- Up-to-date: /home/kzoia/alfa_robot_ws/src/alfa_robot_bringup/install/alfa_robot_bringup/share/ament_index/resource_index/parent_prefix_path/alfa_robot_bringup
[0.044s] -- Up-to-date: /home/kzoia/alfa_robot_ws/src/alfa_robot_bringup/install/alfa_robot_bringup/share/alfa_robot_bringup/environment/ament_prefix_path.sh
[0.044s] -- Up-to-date: /home/kzoia/alfa_robot_ws/src/alfa_robot_bringup/install/alfa_robot_bringup/share/alfa_robot_bringup/environment/ament_prefix_path.dsv
[0.044s] -- Up-to-date: /home/kzoia/alfa_robot_ws/src/alfa_robot_bringup/install/alfa_robot_bringup/share/alfa_robot_bringup/environment/path.sh
[0.044s] -- Up-to-date: /home/kzoia/alfa_robot_ws/src/alfa_robot_bringup/install/alfa_robot_bringup/share/alfa_robot_bringup/environment/path.dsv
[0.044s] -- Up-to-date: /home/kzoia/alfa_robot_ws/src/alfa_robot_bringup/install/alfa_robot_bringup/share/alfa_robot_bringup/local_setup.bash
[0.044s] -- Up-to-date: /home/kzoia/alfa_robot_ws/src/alfa_robot_bringup/install/alfa_robot_bringup/share/alfa_robot_bringup/local_setup.sh
[0.044s] -- Up-to-date: /home/kzoia/alfa_robot_ws/src/alfa_robot_bringup/install/alfa_robot_bringup/share/alfa_robot_bringup/local_setup.zsh
[0.044s] -- Up-to-date: /home/kzoia/alfa_robot_ws/src/alfa_robot_bringup/install/alfa_robot_bringup/share/alfa_robot_bringup/local_setup.dsv
[0.044s] -- Installing: /home/kzoia/alfa_robot_ws/src/alfa_robot_bringup/install/alfa_robot_bringup/share/alfa_robot_bringup/package.dsv
[0.044s] -- Up-to-date: /home/kzoia/alfa_robot_ws/src/alfa_robot_bringup/install/alfa_robot_bringup/share/ament_index/resource_index/packages/alfa_robot_bringup
[0.044s] -- Up-to-date: /home/kzoia/alfa_robot_ws/src/alfa_robot_bringup/install/alfa_robot_bringup/share/alfa_robot_bringup/cmake/alfa_robot_bringupConfig.cmake
[0.044s] -- Up-to-date: /home/kzoia/alfa_robot_ws/src/alfa_robot_bringup/install/alfa_robot_bringup/share/alfa_robot_bringup/cmake/alfa_robot_bringupConfig-version.cmake
[0.045s] -- Up-to-date: /home/kzoia/alfa_robot_ws/src/alfa_robot_bringup/install/alfa_robot_bringup/share/alfa_robot_bringup/package.xml
[0.045s] Invoked command in '/home/kzoia/alfa_robot_ws/src/alfa_robot_bringup/build/alfa_robot_bringup' returned '0': CMAKE_PREFIX_PATH=${CMAKE_PREFIX_PATH}:/opt/ros/humble /usr/bin/cmake --install /home/kzoia/alfa_robot_ws/src/alfa_robot_bringup/build/alfa_robot_bringup
