[0.008s] Invoking command in '/home/kzoia/alfa_robot_ws/src/alfa_robot_bringup/build/alfa_robot_bringup': CMAKE_PREFIX_PATH=/opt/ros/humble /usr/bin/cmake /home/kzoia/alfa_robot_ws/src/alfa_robot_bringup -DCMAKE_INSTALL_PREFIX=/home/kzoia/alfa_robot_ws/src/alfa_robot_bringup/install/alfa_robot_bringup
[0.131s] -- The C compiler identification is GNU 11.4.0
[0.216s] -- The CXX compiler identification is GNU 11.4.0
[0.229s] -- Detecting C compiler ABI info
[0.286s] -- Detecting C compiler ABI info - done
[0.290s] -- Check for working C compiler: /usr/bin/cc - skipped
[0.291s] -- Detecting C compile features
[0.291s] -- Detecting C compile features - done
[0.294s] -- Detecting CXX compiler ABI info
[0.350s] -- Detecting CXX compiler ABI info - done
[0.353s] -- Check for working CXX compiler: /usr/bin/c++ - skipped
[0.353s] -- Detecting CXX compile features
[0.353s] -- Detecting CXX compile features - done
[0.365s] -- Found ament_cmake: 1.3.14 (/opt/ros/humble/share/ament_cmake/cmake)
[0.455s] -- Found Python3: /usr/bin/python3 (found version "3.10.12") found components: Interpreter 
[0.564s] -- Configuring done
[0.565s] -- Generating done
[0.566s] -- Build files have been written to: /home/kzoia/alfa_robot_ws/src/alfa_robot_bringup/build/alfa_robot_bringup
[0.569s] Invoked command in '/home/kzoia/alfa_robot_ws/src/alfa_robot_bringup/build/alfa_robot_bringup' returned '0': CMAKE_PREFIX_PATH=/opt/ros/humble /usr/bin/cmake /home/kzoia/alfa_robot_ws/src/alfa_robot_bringup -DCMAKE_INSTALL_PREFIX=/home/kzoia/alfa_robot_ws/src/alfa_robot_bringup/install/alfa_robot_bringup
[0.571s] Invoking command in '/home/kzoia/alfa_robot_ws/src/alfa_robot_bringup/build/alfa_robot_bringup': CMAKE_PREFIX_PATH=/opt/ros/humble /usr/bin/cmake --build /home/kzoia/alfa_robot_ws/src/alfa_robot_bringup/build/alfa_robot_bringup -- -j12 -l12
[0.595s] Invoked command in '/home/kzoia/alfa_robot_ws/src/alfa_robot_bringup/build/alfa_robot_bringup' returned '0': CMAKE_PREFIX_PATH=/opt/ros/humble /usr/bin/cmake --build /home/kzoia/alfa_robot_ws/src/alfa_robot_bringup/build/alfa_robot_bringup -- -j12 -l12
[0.601s] Invoking command in '/home/kzoia/alfa_robot_ws/src/alfa_robot_bringup/build/alfa_robot_bringup': CMAKE_PREFIX_PATH=/opt/ros/humble /usr/bin/cmake --install /home/kzoia/alfa_robot_ws/src/alfa_robot_bringup/build/alfa_robot_bringup
[0.605s] -- Install configuration: ""
[0.605s] -- Installing: /home/kzoia/alfa_robot_ws/src/alfa_robot_bringup/install/alfa_robot_bringup/share/alfa_robot_bringup/config
[0.606s] -- Installing: /home/kzoia/alfa_robot_ws/src/alfa_robot_bringup/install/alfa_robot_bringup/share/alfa_robot_bringup/config/test_goal_publishers_config.yaml
[0.606s] -- Installing: /home/kzoia/alfa_robot_ws/src/alfa_robot_bringup/install/alfa_robot_bringup/share/alfa_robot_bringup/config/alfa_robot_controllers.yaml
[0.606s] -- Installing: /home/kzoia/alfa_robot_ws/src/alfa_robot_bringup/install/alfa_robot_bringup/share/alfa_robot_bringup/config/alfa_robot_controllers_can.yaml
[0.606s] -- Installing: /home/kzoia/alfa_robot_ws/src/alfa_robot_bringup/install/alfa_robot_bringup/share/alfa_robot_bringup/launch
[0.606s] -- Installing: /home/kzoia/alfa_robot_ws/src/alfa_robot_bringup/install/alfa_robot_bringup/share/alfa_robot_bringup/launch/alfa_robot.launch.py
[0.606s] -- Installing: /home/kzoia/alfa_robot_ws/src/alfa_robot_bringup/install/alfa_robot_bringup/share/alfa_robot_bringup/launch/gazebo_alfa_robot.launch.py
[0.606s] -- Installing: /home/kzoia/alfa_robot_ws/src/alfa_robot_bringup/install/alfa_robot_bringup/share/alfa_robot_bringup/launch/alfa_robot_gui_control.launch.py
[0.606s] -- Installing: /home/kzoia/alfa_robot_ws/src/alfa_robot_bringup/install/alfa_robot_bringup/share/alfa_robot_bringup/launch/test_joint_trajectory_controller.launch.py
[0.606s] -- Installing: /home/kzoia/alfa_robot_ws/src/alfa_robot_bringup/install/alfa_robot_bringup/share/alfa_robot_bringup/launch/test_forward_position_controller.launch.py
[0.606s] -- Installing: /home/kzoia/alfa_robot_ws/src/alfa_robot_bringup/install/alfa_robot_bringup/lib/alfa_robot_bringup/joint_states_to_controller_bridge.py
[0.606s] -- Installing: /home/kzoia/alfa_robot_ws/src/alfa_robot_bringup/install/alfa_robot_bringup/lib/alfa_robot_bringup/setup_can.sh
[0.606s] -- Installing: /home/kzoia/alfa_robot_ws/src/alfa_robot_bringup/install/alfa_robot_bringup/share/ament_index/resource_index/package_run_dependencies/alfa_robot_bringup
[0.606s] -- Installing: /home/kzoia/alfa_robot_ws/src/alfa_robot_bringup/install/alfa_robot_bringup/share/ament_index/resource_index/parent_prefix_path/alfa_robot_bringup
[0.606s] -- Installing: /home/kzoia/alfa_robot_ws/src/alfa_robot_bringup/install/alfa_robot_bringup/share/alfa_robot_bringup/environment/ament_prefix_path.sh
[0.606s] -- Installing: /home/kzoia/alfa_robot_ws/src/alfa_robot_bringup/install/alfa_robot_bringup/share/alfa_robot_bringup/environment/ament_prefix_path.dsv
[0.607s] -- Installing: /home/kzoia/alfa_robot_ws/src/alfa_robot_bringup/install/alfa_robot_bringup/share/alfa_robot_bringup/environment/path.sh
[0.607s] -- Installing: /home/kzoia/alfa_robot_ws/src/alfa_robot_bringup/install/alfa_robot_bringup/share/alfa_robot_bringup/environment/path.dsv
[0.607s] -- Installing: /home/kzoia/alfa_robot_ws/src/alfa_robot_bringup/install/alfa_robot_bringup/share/alfa_robot_bringup/local_setup.bash
[0.607s] -- Installing: /home/kzoia/alfa_robot_ws/src/alfa_robot_bringup/install/alfa_robot_bringup/share/alfa_robot_bringup/local_setup.sh
[0.607s] -- Installing: /home/kzoia/alfa_robot_ws/src/alfa_robot_bringup/install/alfa_robot_bringup/share/alfa_robot_bringup/local_setup.zsh
[0.607s] -- Installing: /home/kzoia/alfa_robot_ws/src/alfa_robot_bringup/install/alfa_robot_bringup/share/alfa_robot_bringup/local_setup.dsv
[0.607s] -- Installing: /home/kzoia/alfa_robot_ws/src/alfa_robot_bringup/install/alfa_robot_bringup/share/alfa_robot_bringup/package.dsv
[0.607s] -- Installing: /home/kzoia/alfa_robot_ws/src/alfa_robot_bringup/install/alfa_robot_bringup/share/ament_index/resource_index/packages/alfa_robot_bringup
[0.607s] -- Installing: /home/kzoia/alfa_robot_ws/src/alfa_robot_bringup/install/alfa_robot_bringup/share/alfa_robot_bringup/cmake/alfa_robot_bringupConfig.cmake
[0.607s] -- Installing: /home/kzoia/alfa_robot_ws/src/alfa_robot_bringup/install/alfa_robot_bringup/share/alfa_robot_bringup/cmake/alfa_robot_bringupConfig-version.cmake
[0.607s] -- Installing: /home/kzoia/alfa_robot_ws/src/alfa_robot_bringup/install/alfa_robot_bringup/share/alfa_robot_bringup/package.xml
[0.608s] Invoked command in '/home/kzoia/alfa_robot_ws/src/alfa_robot_bringup/build/alfa_robot_bringup' returned '0': CMAKE_PREFIX_PATH=/opt/ros/humble /usr/bin/cmake --install /home/kzoia/alfa_robot_ws/src/alfa_robot_bringup/build/alfa_robot_bringup
