[0.160s] DEBUG:colcon:Command line arguments: ['/usr/bin/colcon', 'build']
[0.160s] DEBUG:colcon:Parsed command line arguments: Namespace(log_base=None, log_level=None, verb_name='build', build_base='build', install_base='install', merge_install=False, symlink_install=False, test_result_base=None, continue_on_error=False, executor='parallel', parallel_workers=12, event_handlers=None, ignore_user_meta=False, metas=['./colcon.meta'], base_paths=['.'], packages_ignore=None, packages_ignore_regex=None, paths=None, packages_up_to=None, packages_up_to_regex=None, packages_above=None, packages_above_and_dependencies=None, packages_above_depth=None, packages_select_by_dep=None, packages_skip_by_dep=None, packages_skip_up_to=None, packages_select_build_failed=False, packages_skip_build_finished=False, packages_select_test_failures=False, packages_skip_test_passed=False, packages_select=None, packages_skip=None, packages_select_regex=None, packages_skip_regex=None, packages_start=None, packages_end=None, allow_overriding=[], cmake_args=None, cmake_target=None, cmake_target_skip_unavailable=False, cmake_clean_cache=False, cmake_clean_first=False, cmake_force_configure=False, ament_cmake_args=None, catkin_cmake_args=None, catkin_skip_building_tests=False, verb_parser=<colcon_defaults.argument_parser.defaults.DefaultArgumentsDecorator object at 0x7d3c51de7010>, verb_extension=<colcon_core.verb.build.BuildVerb object at 0x7d3c51f70490>, main=<bound method BuildVerb.main of <colcon_core.verb.build.BuildVerb object at 0x7d3c51f70490>>)
[0.458s] Level 1:colcon.colcon_core.package_discovery:discover_packages(colcon_meta) check parameters
[0.458s] Level 1:colcon.colcon_core.package_discovery:discover_packages(recursive) check parameters
[0.458s] Level 1:colcon.colcon_core.package_discovery:discover_packages(ignore) check parameters
[0.458s] Level 1:colcon.colcon_core.package_discovery:discover_packages(path) check parameters
[0.458s] Level 1:colcon.colcon_core.package_discovery:discover_packages(colcon_meta) discover
[0.458s] Level 1:colcon.colcon_core.package_discovery:discover_packages(recursive) discover
[0.458s] INFO:colcon.colcon_core.package_discovery:Crawling recursively for packages in '/home/kzoia/alfa_robot_ws/src/alfa_robot_bringup'
[0.458s] Level 1:colcon.colcon_core.package_identification:_identify(.) by extensions ['ignore', 'ignore_ament_install']
[0.458s] Level 1:colcon.colcon_core.package_identification:_identify(.) by extension 'ignore'
[0.458s] Level 1:colcon.colcon_core.package_identification:_identify(.) by extension 'ignore_ament_install'
[0.458s] Level 1:colcon.colcon_core.package_identification:_identify(.) by extensions ['colcon_pkg']
[0.458s] Level 1:colcon.colcon_core.package_identification:_identify(.) by extension 'colcon_pkg'
[0.458s] Level 1:colcon.colcon_core.package_identification:_identify(.) by extensions ['colcon_meta']
[0.458s] Level 1:colcon.colcon_core.package_identification:_identify(.) by extension 'colcon_meta'
[0.458s] Level 1:colcon.colcon_core.package_identification:_identify(.) by extensions ['ros']
[0.458s] Level 1:colcon.colcon_core.package_identification:_identify(.) by extension 'ros'
[0.471s] DEBUG:colcon.colcon_core.package_identification:Package '.' with type 'ros.ament_cmake' and name 'alfa_robot_bringup'
[0.471s] Level 1:colcon.colcon_core.package_discovery:discover_packages(recursive) using defaults
[0.471s] Level 1:colcon.colcon_core.package_discovery:discover_packages(ignore) discover
[0.471s] Level 1:colcon.colcon_core.package_discovery:discover_packages(ignore) using defaults
[0.471s] Level 1:colcon.colcon_core.package_discovery:discover_packages(path) discover
[0.471s] Level 1:colcon.colcon_core.package_discovery:discover_packages(path) using defaults
[0.491s] Level 1:colcon.colcon_core.package_discovery:discover_packages(prefix_path) check parameters
[0.491s] Level 1:colcon.colcon_core.package_discovery:discover_packages(prefix_path) discover
[0.494s] DEBUG:colcon.colcon_installed_package_information.package_discovery:Found 273 installed packages in /opt/ros/humble
[0.495s] Level 1:colcon.colcon_core.package_discovery:discover_packages(prefix_path) using defaults
[0.518s] Level 5:colcon.colcon_core.verb:set package 'alfa_robot_bringup' build argument 'cmake_args' from command line to 'None'
[0.518s] Level 5:colcon.colcon_core.verb:set package 'alfa_robot_bringup' build argument 'cmake_target' from command line to 'None'
[0.518s] Level 5:colcon.colcon_core.verb:set package 'alfa_robot_bringup' build argument 'cmake_target_skip_unavailable' from command line to 'False'
[0.518s] Level 5:colcon.colcon_core.verb:set package 'alfa_robot_bringup' build argument 'cmake_clean_cache' from command line to 'False'
[0.518s] Level 5:colcon.colcon_core.verb:set package 'alfa_robot_bringup' build argument 'cmake_clean_first' from command line to 'False'
[0.518s] Level 5:colcon.colcon_core.verb:set package 'alfa_robot_bringup' build argument 'cmake_force_configure' from command line to 'False'
[0.518s] Level 5:colcon.colcon_core.verb:set package 'alfa_robot_bringup' build argument 'ament_cmake_args' from command line to 'None'
[0.518s] Level 5:colcon.colcon_core.verb:set package 'alfa_robot_bringup' build argument 'catkin_cmake_args' from command line to 'None'
[0.518s] Level 5:colcon.colcon_core.verb:set package 'alfa_robot_bringup' build argument 'catkin_skip_building_tests' from command line to 'False'
[0.518s] DEBUG:colcon.colcon_core.verb:Building package 'alfa_robot_bringup' with the following arguments: {'ament_cmake_args': None, 'build_base': '/home/kzoia/alfa_robot_ws/src/alfa_robot_bringup/build/alfa_robot_bringup', 'catkin_cmake_args': None, 'catkin_skip_building_tests': False, 'cmake_args': None, 'cmake_clean_cache': False, 'cmake_clean_first': False, 'cmake_force_configure': False, 'cmake_target': None, 'cmake_target_skip_unavailable': False, 'install_base': '/home/kzoia/alfa_robot_ws/src/alfa_robot_bringup/install/alfa_robot_bringup', 'merge_install': False, 'path': '/home/kzoia/alfa_robot_ws/src/alfa_robot_bringup', 'symlink_install': False, 'test_result_base': None}
[0.518s] INFO:colcon.colcon_core.executor:Executing jobs using 'parallel' executor
[0.519s] DEBUG:colcon.colcon_parallel_executor.executor.parallel:run_until_complete
[0.519s] INFO:colcon.colcon_ros.task.ament_cmake.build:Building ROS package in '/home/kzoia/alfa_robot_ws/src/alfa_robot_bringup' with build type 'ament_cmake'
[0.519s] INFO:colcon.colcon_cmake.task.cmake.build:Building CMake package in '/home/kzoia/alfa_robot_ws/src/alfa_robot_bringup'
[0.524s] INFO:colcon.colcon_core.plugin_system:Skipping extension 'colcon_core.shell.bat': Not used on non-Windows systems
[0.524s] INFO:colcon.colcon_core.shell:Skip shell extension 'powershell' for command environment: Not usable outside of PowerShell
[0.524s] DEBUG:colcon.colcon_core.shell:Skip shell extension 'dsv' for command environment
[0.528s] DEBUG:colcon.colcon_core.event_handler.log_command:Invoking command in '/home/kzoia/alfa_robot_ws/src/alfa_robot_bringup/build/alfa_robot_bringup': CMAKE_PREFIX_PATH=/opt/ros/humble /usr/bin/cmake /home/kzoia/alfa_robot_ws/src/alfa_robot_bringup -DCMAKE_INSTALL_PREFIX=/home/kzoia/alfa_robot_ws/src/alfa_robot_bringup/install/alfa_robot_bringup
[1.089s] DEBUG:colcon.colcon_core.event_handler.log_command:Invoked command in '/home/kzoia/alfa_robot_ws/src/alfa_robot_bringup/build/alfa_robot_bringup' returned '0': CMAKE_PREFIX_PATH=/opt/ros/humble /usr/bin/cmake /home/kzoia/alfa_robot_ws/src/alfa_robot_bringup -DCMAKE_INSTALL_PREFIX=/home/kzoia/alfa_robot_ws/src/alfa_robot_bringup/install/alfa_robot_bringup
[1.090s] DEBUG:colcon.colcon_core.event_handler.log_command:Invoking command in '/home/kzoia/alfa_robot_ws/src/alfa_robot_bringup/build/alfa_robot_bringup': CMAKE_PREFIX_PATH=/opt/ros/humble /usr/bin/cmake --build /home/kzoia/alfa_robot_ws/src/alfa_robot_bringup/build/alfa_robot_bringup -- -j12 -l12
[1.115s] DEBUG:colcon.colcon_core.event_handler.log_command:Invoked command in '/home/kzoia/alfa_robot_ws/src/alfa_robot_bringup/build/alfa_robot_bringup' returned '0': CMAKE_PREFIX_PATH=/opt/ros/humble /usr/bin/cmake --build /home/kzoia/alfa_robot_ws/src/alfa_robot_bringup/build/alfa_robot_bringup -- -j12 -l12
[1.121s] DEBUG:colcon.colcon_core.event_handler.log_command:Invoking command in '/home/kzoia/alfa_robot_ws/src/alfa_robot_bringup/build/alfa_robot_bringup': CMAKE_PREFIX_PATH=/opt/ros/humble /usr/bin/cmake --install /home/kzoia/alfa_robot_ws/src/alfa_robot_bringup/build/alfa_robot_bringup
[1.127s] Level 1:colcon.colcon_core.environment:create_environment_scripts_only(alfa_robot_bringup)
[1.127s] DEBUG:colcon.colcon_core.event_handler.log_command:Invoked command in '/home/kzoia/alfa_robot_ws/src/alfa_robot_bringup/build/alfa_robot_bringup' returned '0': CMAKE_PREFIX_PATH=/opt/ros/humble /usr/bin/cmake --install /home/kzoia/alfa_robot_ws/src/alfa_robot_bringup/build/alfa_robot_bringup
[1.131s] Level 1:colcon.colcon_core.environment:checking '/home/kzoia/alfa_robot_ws/src/alfa_robot_bringup/install/alfa_robot_bringup' for CMake module files
[1.131s] Level 1:colcon.colcon_core.environment:checking '/home/kzoia/alfa_robot_ws/src/alfa_robot_bringup/install/alfa_robot_bringup' for CMake config files
[1.132s] Level 1:colcon.colcon_core.shell:create_environment_hook('alfa_robot_bringup', 'cmake_prefix_path')
[1.132s] INFO:colcon.colcon_core.shell:Creating environment hook '/home/kzoia/alfa_robot_ws/src/alfa_robot_bringup/install/alfa_robot_bringup/share/alfa_robot_bringup/hook/cmake_prefix_path.ps1'
[1.132s] INFO:colcon.colcon_core.shell:Creating environment descriptor '/home/kzoia/alfa_robot_ws/src/alfa_robot_bringup/install/alfa_robot_bringup/share/alfa_robot_bringup/hook/cmake_prefix_path.dsv'
[1.133s] INFO:colcon.colcon_core.shell:Creating environment hook '/home/kzoia/alfa_robot_ws/src/alfa_robot_bringup/install/alfa_robot_bringup/share/alfa_robot_bringup/hook/cmake_prefix_path.sh'
[1.133s] Level 1:colcon.colcon_core.environment:checking '/home/kzoia/alfa_robot_ws/src/alfa_robot_bringup/install/alfa_robot_bringup/lib'
[1.133s] Level 1:colcon.colcon_core.environment:checking '/home/kzoia/alfa_robot_ws/src/alfa_robot_bringup/install/alfa_robot_bringup/bin'
[1.133s] Level 1:colcon.colcon_core.environment:checking '/home/kzoia/alfa_robot_ws/src/alfa_robot_bringup/install/alfa_robot_bringup/lib/pkgconfig/alfa_robot_bringup.pc'
[1.134s] Level 1:colcon.colcon_core.environment:checking '/home/kzoia/alfa_robot_ws/src/alfa_robot_bringup/install/alfa_robot_bringup/lib/python3.10/site-packages'
[1.134s] Level 1:colcon.colcon_core.environment:checking '/home/kzoia/alfa_robot_ws/src/alfa_robot_bringup/install/alfa_robot_bringup/bin'
[1.134s] INFO:colcon.colcon_core.shell:Creating package script '/home/kzoia/alfa_robot_ws/src/alfa_robot_bringup/install/alfa_robot_bringup/share/alfa_robot_bringup/package.ps1'
[1.135s] INFO:colcon.colcon_core.shell:Creating package descriptor '/home/kzoia/alfa_robot_ws/src/alfa_robot_bringup/install/alfa_robot_bringup/share/alfa_robot_bringup/package.dsv'
[1.135s] INFO:colcon.colcon_core.shell:Creating package script '/home/kzoia/alfa_robot_ws/src/alfa_robot_bringup/install/alfa_robot_bringup/share/alfa_robot_bringup/package.sh'
[1.136s] INFO:colcon.colcon_core.shell:Creating package script '/home/kzoia/alfa_robot_ws/src/alfa_robot_bringup/install/alfa_robot_bringup/share/alfa_robot_bringup/package.bash'
[1.136s] INFO:colcon.colcon_core.shell:Creating package script '/home/kzoia/alfa_robot_ws/src/alfa_robot_bringup/install/alfa_robot_bringup/share/alfa_robot_bringup/package.zsh'
[1.137s] Level 1:colcon.colcon_core.environment:create_file_with_runtime_dependencies(/home/kzoia/alfa_robot_ws/src/alfa_robot_bringup/install/alfa_robot_bringup/share/colcon-core/packages/alfa_robot_bringup)
[1.137s] Level 1:colcon.colcon_core.environment:create_environment_scripts_only(alfa_robot_bringup)
[1.137s] Level 1:colcon.colcon_core.environment:checking '/home/kzoia/alfa_robot_ws/src/alfa_robot_bringup/install/alfa_robot_bringup' for CMake module files
[1.137s] Level 1:colcon.colcon_core.environment:checking '/home/kzoia/alfa_robot_ws/src/alfa_robot_bringup/install/alfa_robot_bringup' for CMake config files
[1.137s] Level 1:colcon.colcon_core.shell:create_environment_hook('alfa_robot_bringup', 'cmake_prefix_path')
[1.137s] INFO:colcon.colcon_core.shell:Creating environment hook '/home/kzoia/alfa_robot_ws/src/alfa_robot_bringup/install/alfa_robot_bringup/share/alfa_robot_bringup/hook/cmake_prefix_path.ps1'
[1.138s] INFO:colcon.colcon_core.shell:Creating environment descriptor '/home/kzoia/alfa_robot_ws/src/alfa_robot_bringup/install/alfa_robot_bringup/share/alfa_robot_bringup/hook/cmake_prefix_path.dsv'
[1.138s] INFO:colcon.colcon_core.shell:Creating environment hook '/home/kzoia/alfa_robot_ws/src/alfa_robot_bringup/install/alfa_robot_bringup/share/alfa_robot_bringup/hook/cmake_prefix_path.sh'
[1.138s] Level 1:colcon.colcon_core.environment:checking '/home/kzoia/alfa_robot_ws/src/alfa_robot_bringup/install/alfa_robot_bringup/lib'
[1.138s] Level 1:colcon.colcon_core.environment:checking '/home/kzoia/alfa_robot_ws/src/alfa_robot_bringup/install/alfa_robot_bringup/bin'
[1.138s] Level 1:colcon.colcon_core.environment:checking '/home/kzoia/alfa_robot_ws/src/alfa_robot_bringup/install/alfa_robot_bringup/lib/pkgconfig/alfa_robot_bringup.pc'
[1.138s] Level 1:colcon.colcon_core.environment:checking '/home/kzoia/alfa_robot_ws/src/alfa_robot_bringup/install/alfa_robot_bringup/lib/python3.10/site-packages'
[1.139s] Level 1:colcon.colcon_core.environment:checking '/home/kzoia/alfa_robot_ws/src/alfa_robot_bringup/install/alfa_robot_bringup/bin'
[1.139s] INFO:colcon.colcon_core.shell:Creating package script '/home/kzoia/alfa_robot_ws/src/alfa_robot_bringup/install/alfa_robot_bringup/share/alfa_robot_bringup/package.ps1'
[1.139s] INFO:colcon.colcon_core.shell:Creating package descriptor '/home/kzoia/alfa_robot_ws/src/alfa_robot_bringup/install/alfa_robot_bringup/share/alfa_robot_bringup/package.dsv'
[1.139s] INFO:colcon.colcon_core.shell:Creating package script '/home/kzoia/alfa_robot_ws/src/alfa_robot_bringup/install/alfa_robot_bringup/share/alfa_robot_bringup/package.sh'
[1.140s] INFO:colcon.colcon_core.shell:Creating package script '/home/kzoia/alfa_robot_ws/src/alfa_robot_bringup/install/alfa_robot_bringup/share/alfa_robot_bringup/package.bash'
[1.140s] INFO:colcon.colcon_core.shell:Creating package script '/home/kzoia/alfa_robot_ws/src/alfa_robot_bringup/install/alfa_robot_bringup/share/alfa_robot_bringup/package.zsh'
[1.140s] Level 1:colcon.colcon_core.environment:create_file_with_runtime_dependencies(/home/kzoia/alfa_robot_ws/src/alfa_robot_bringup/install/alfa_robot_bringup/share/colcon-core/packages/alfa_robot_bringup)
[1.141s] DEBUG:colcon.colcon_parallel_executor.executor.parallel:closing loop
[1.141s] DEBUG:colcon.colcon_parallel_executor.executor.parallel:loop closed
[1.141s] DEBUG:colcon.colcon_parallel_executor.executor.parallel:run_until_complete finished with '0'
[1.141s] DEBUG:colcon.colcon_core.event_reactor:joining thread
[1.145s] INFO:colcon.colcon_core.plugin_system:Skipping extension 'colcon_notification.desktop_notification.terminal_notifier': Not used on non-Darwin systems
[1.145s] INFO:colcon.colcon_core.plugin_system:Skipping extension 'colcon_notification.desktop_notification.win32': Not used on non-Windows systems
[1.145s] INFO:colcon.colcon_notification.desktop_notification:Sending desktop notification using 'notify2'
[1.192s] DEBUG:colcon.colcon_core.event_reactor:joined thread
[1.193s] INFO:colcon.colcon_core.shell:Creating prefix script '/home/kzoia/alfa_robot_ws/src/alfa_robot_bringup/install/local_setup.ps1'
[1.195s] INFO:colcon.colcon_core.shell:Creating prefix util module '/home/kzoia/alfa_robot_ws/src/alfa_robot_bringup/install/_local_setup_util_ps1.py'
[1.196s] INFO:colcon.colcon_core.shell:Creating prefix chain script '/home/kzoia/alfa_robot_ws/src/alfa_robot_bringup/install/setup.ps1'
[1.197s] INFO:colcon.colcon_core.shell:Creating prefix script '/home/kzoia/alfa_robot_ws/src/alfa_robot_bringup/install/local_setup.sh'
[1.197s] INFO:colcon.colcon_core.shell:Creating prefix util module '/home/kzoia/alfa_robot_ws/src/alfa_robot_bringup/install/_local_setup_util_sh.py'
[1.198s] INFO:colcon.colcon_core.shell:Creating prefix chain script '/home/kzoia/alfa_robot_ws/src/alfa_robot_bringup/install/setup.sh'
[1.198s] INFO:colcon.colcon_core.shell:Creating prefix script '/home/kzoia/alfa_robot_ws/src/alfa_robot_bringup/install/local_setup.bash'
[1.199s] INFO:colcon.colcon_core.shell:Creating prefix chain script '/home/kzoia/alfa_robot_ws/src/alfa_robot_bringup/install/setup.bash'
[1.200s] INFO:colcon.colcon_core.shell:Creating prefix script '/home/kzoia/alfa_robot_ws/src/alfa_robot_bringup/install/local_setup.zsh'
[1.201s] INFO:colcon.colcon_core.shell:Creating prefix chain script '/home/kzoia/alfa_robot_ws/src/alfa_robot_bringup/install/setup.zsh'
