-- Install configuration: ""
-- Up-to-date: /home/kzoia/alfa_robot_ws/src/alfa_robot_bringup/install/alfa_robot_bringup/share/alfa_robot_bringup/config
-- Up-to-date: /home/kzoia/alfa_robot_ws/src/alfa_robot_bringup/install/alfa_robot_bringup/share/alfa_robot_bringup/config/test_goal_publishers_config.yaml
-- Up-to-date: /home/kzoia/alfa_robot_ws/src/alfa_robot_bringup/install/alfa_robot_bringup/share/alfa_robot_bringup/config/alfa_robot_controllers.yaml
-- Up-to-date: /home/kzoia/alfa_robot_ws/src/alfa_robot_bringup/install/alfa_robot_bringup/share/alfa_robot_bringup/config/alfa_robot_controllers_can.yaml
-- Up-to-date: /home/kzoia/alfa_robot_ws/src/alfa_robot_bringup/install/alfa_robot_bringup/share/alfa_robot_bringup/launch
-- Up-to-date: /home/kzoia/alfa_robot_ws/src/alfa_robot_bringup/install/alfa_robot_bringup/share/alfa_robot_bringup/launch/alfa_robot.launch.py
-- Up-to-date: /home/kzoia/alfa_robot_ws/src/alfa_robot_bringup/install/alfa_robot_bringup/share/alfa_robot_bringup/launch/gazebo_alfa_robot.launch.py
-- Up-to-date: /home/kzoia/alfa_robot_ws/src/alfa_robot_bringup/install/alfa_robot_bringup/share/alfa_robot_bringup/launch/alfa_robot_gui_control.launch.py
-- Up-to-date: /home/kzoia/alfa_robot_ws/src/alfa_robot_bringup/install/alfa_robot_bringup/share/alfa_robot_bringup/launch/test_joint_trajectory_controller.launch.py
-- Up-to-date: /home/kzoia/alfa_robot_ws/src/alfa_robot_bringup/install/alfa_robot_bringup/share/alfa_robot_bringup/launch/test_forward_position_controller.launch.py
-- Up-to-date: /home/kzoia/alfa_robot_ws/src/alfa_robot_bringup/install/alfa_robot_bringup/lib/alfa_robot_bringup/joint_states_to_controller_bridge.py
-- Up-to-date: /home/kzoia/alfa_robot_ws/src/alfa_robot_bringup/install/alfa_robot_bringup/lib/alfa_robot_bringup/setup_can.sh
-- Up-to-date: /home/kzoia/alfa_robot_ws/src/alfa_robot_bringup/install/alfa_robot_bringup/share/ament_index/resource_index/package_run_dependencies/alfa_robot_bringup
-- Up-to-date: /home/kzoia/alfa_robot_ws/src/alfa_robot_bringup/install/alfa_robot_bringup/share/ament_index/resource_index/parent_prefix_path/alfa_robot_bringup
-- Up-to-date: /home/kzoia/alfa_robot_ws/src/alfa_robot_bringup/install/alfa_robot_bringup/share/alfa_robot_bringup/environment/ament_prefix_path.sh
-- Up-to-date: /home/kzoia/alfa_robot_ws/src/alfa_robot_bringup/install/alfa_robot_bringup/share/alfa_robot_bringup/environment/ament_prefix_path.dsv
-- Up-to-date: /home/kzoia/alfa_robot_ws/src/alfa_robot_bringup/install/alfa_robot_bringup/share/alfa_robot_bringup/environment/path.sh
-- Up-to-date: /home/kzoia/alfa_robot_ws/src/alfa_robot_bringup/install/alfa_robot_bringup/share/alfa_robot_bringup/environment/path.dsv
-- Up-to-date: /home/kzoia/alfa_robot_ws/src/alfa_robot_bringup/install/alfa_robot_bringup/share/alfa_robot_bringup/local_setup.bash
-- Up-to-date: /home/kzoia/alfa_robot_ws/src/alfa_robot_bringup/install/alfa_robot_bringup/share/alfa_robot_bringup/local_setup.sh
-- Up-to-date: /home/kzoia/alfa_robot_ws/src/alfa_robot_bringup/install/alfa_robot_bringup/share/alfa_robot_bringup/local_setup.zsh
-- Up-to-date: /home/kzoia/alfa_robot_ws/src/alfa_robot_bringup/install/alfa_robot_bringup/share/alfa_robot_bringup/local_setup.dsv
-- Up-to-date: /home/kzoia/alfa_robot_ws/src/alfa_robot_bringup/install/alfa_robot_bringup/share/alfa_robot_bringup/package.dsv
-- Up-to-date: /home/kzoia/alfa_robot_ws/src/alfa_robot_bringup/install/alfa_robot_bringup/share/ament_index/resource_index/packages/alfa_robot_bringup
-- Up-to-date: /home/kzoia/alfa_robot_ws/src/alfa_robot_bringup/install/alfa_robot_bringup/share/alfa_robot_bringup/cmake/alfa_robot_bringupConfig.cmake
-- Up-to-date: /home/kzoia/alfa_robot_ws/src/alfa_robot_bringup/install/alfa_robot_bringup/share/alfa_robot_bringup/cmake/alfa_robot_bringupConfig-version.cmake
-- Up-to-date: /home/kzoia/alfa_robot_ws/src/alfa_robot_bringup/install/alfa_robot_bringup/share/alfa_robot_bringup/package.xml
